// Jest Snapshot v1, https://goo.gl/fbAQLP

exports[`Response view show response subject on dom 1`] = `"<form><h1></h1><p>\\"\\"</p><div><label>Recipient: <input value=\\"\\"></label></div><div><label>Subject: <input value=\\"\\"></label></div><div><label>Content: <input value=\\"\\"></label></div><div><label>Date: <input type=\\"date\\" value=\\"\\"></label></div><button>Submit</button></form>"`;
